Archive member included to satisfy reference by file (symbol)

c:/program files (x86)/atollic/truestudio for stm32 9.0.1/armtools/bin/../lib/gcc/arm-atollic-eabi/6.3.1/../../../../arm-atollic-eabi/lib/armv7e-m/fpu\libc_nano.a(lib_a-init.o)
                              startup\startup_stm32f407xx.o (__libc_init_array)
c:/program files (x86)/atollic/truestudio for stm32 9.0.1/armtools/bin/../lib/gcc/arm-atollic-eabi/6.3.1/armv7e-m/fpu\libgcc.a(_aeabi_uldivmod.o)
                              Drivers\STM32F4xx_HAL_Driver\Src\stm32f4xx_hal_rcc.o (__aeabi_uldivmod)
c:/program files (x86)/atollic/truestudio for stm32 9.0.1/armtools/bin/../lib/gcc/arm-atollic-eabi/6.3.1/armv7e-m/fpu\libgcc.a(_udivmoddi4.o)
                              c:/program files (x86)/atollic/truestudio for stm32 9.0.1/armtools/bin/../lib/gcc/arm-atollic-eabi/6.3.1/armv7e-m/fpu\libgcc.a(_aeabi_uldivmod.o) (__udivmoddi4)
c:/program files (x86)/atollic/truestudio for stm32 9.0.1/armtools/bin/../lib/gcc/arm-atollic-eabi/6.3.1/armv7e-m/fpu\libgcc.a(_dvmd_tls.o)
                              c:/program files (x86)/atollic/truestudio for stm32 9.0.1/armtools/bin/../lib/gcc/arm-atollic-eabi/6.3.1/armv7e-m/fpu\libgcc.a(_aeabi_uldivmod.o) (__aeabi_ldiv0)

Allocating common symbols
Common symbol       size              file

hdma_sdio_rx        0x60              Src\sdio.o
retSD               0x1               Src\fatfs.o
myFile              0x1030            Src\main.o
myBytes             0x4               Src\main.o
uwTick              0x4               Drivers\STM32F4xx_HAL_Driver\Src\stm32f4xx_hal.o
pFlash              0x20              Drivers\STM32F4xx_HAL_Driver\Src\stm32f4xx_hal_flash.o
myFatFS             0x1034            Src\main.o
SDPath              0x4               Src\fatfs.o
hdma_sdio_tx        0x60              Src\sdio.o
hsd                 0x84              Src\sdio.o
SDFile              0x1030            Src\fatfs.o
SDFatFS             0x1034            Src\fatfs.o

Discarded input sections

 .text          0x00000000        0x0 c:/program files (x86)/atollic/truestudio for stm32 9.0.1/armtools/bin/../lib/gcc/arm-atollic-eabi/6.3.1/armv7e-m/fpu/crti.o
 .data          0x00000000        0x0 c:/program files (x86)/atollic/truestudio for stm32 9.0.1/armtools/bin/../lib/gcc/arm-atollic-eabi/6.3.1/armv7e-m/fpu/crti.o
 .bss           0x00000000        0x0 c:/program files (x86)/atollic/truestudio for stm32 9.0.1/armtools/bin/../lib/gcc/arm-atollic-eabi/6.3.1/armv7e-m/fpu/crti.o
 .data          0x00000000        0x4 c:/program files (x86)/atollic/truestudio for stm32 9.0.1/armtools/bin/../lib/gcc/arm-atollic-eabi/6.3.1/armv7e-m/fpu/crtbegin.o
 .text          0x00000000        0x0 Drivers\STM32F4xx_HAL_Driver\Src\stm32f4xx_hal.o
 .data          0x00000000        0x0 Drivers\STM32F4xx_HAL_Driver\Src\stm32f4xx_hal.o
 .bss           0x00000000        0x0 Drivers\STM32F4xx_HAL_Driver\Src\stm32f4xx_hal.o
 .text.HAL_DeInit
                0x00000000       0x58 Drivers\STM32F4xx_HAL_Driver\Src\stm32f4xx_hal.o
 .text.HAL_MspInit
                0x00000000        0xe Drivers\STM32F4xx_HAL_Driver\Src\stm32f4xx_hal.o
 .text.HAL_MspDeInit
                0x00000000        0xe Drivers\STM32F4xx_HAL_Driver\Src\stm32f4xx_hal.o
 .text.HAL_GetTickPrio
                0x00000000       0x18 Drivers\STM32F4xx_HAL_Driver\Src\stm32f4xx_hal.o
 .text.HAL_SetTickFreq
                0x00000000       0x40 Drivers\STM32F4xx_HAL_Driver\Src\stm32f4xx_hal.o
 .text.HAL_GetTickFreq
                0x00000000       0x18 Drivers\STM32F4xx_HAL_Driver\Src\stm32f4xx_hal.o
 .text.HAL_SuspendTick
                0x00000000       0x20 Drivers\STM32F4xx_HAL_Driver\Src\stm32f4xx_hal.o
 .text.HAL_ResumeTick
                0x00000000       0x20 Drivers\STM32F4xx_HAL_Driver\Src\stm32f4xx_hal.o
 .text.HAL_GetHalVersion
                0x00000000       0x14 Drivers\STM32F4xx_HAL_Driver\Src\stm32f4xx_hal.o
 .text.HAL_GetREVID
                0x00000000       0x18 Drivers\STM32F4xx_HAL_Driver\Src\stm32f4xx_hal.o
 .text.HAL_GetDEVID
                0x00000000       0x1c Drivers\STM32F4xx_HAL_Driver\Src\stm32f4xx_hal.o
 .text.HAL_DBGMCU_EnableDBGSleepMode
                0x00000000       0x20 Drivers\STM32F4xx_HAL_Driver\Src\stm32f4xx_hal.o
 .text.HAL_DBGMCU_DisableDBGSleepMode
                0x00000000       0x20 Drivers\STM32F4xx_HAL_Driver\Src\stm32f4xx_hal.o
 .text.HAL_DBGMCU_EnableDBGStopMode
                0x00000000       0x20 Drivers\STM32F4xx_HAL_Driver\Src\stm32f4xx_hal.o
 .text.HAL_DBGMCU_DisableDBGStopMode
                0x00000000       0x20 Drivers\STM32F4xx_HAL_Driver\Src\stm32f4xx_hal.o
 .text.HAL_DBGMCU_EnableDBGStandbyMode
                0x00000000       0x20 Drivers\STM32F4xx_HAL_Driver\Src\stm32f4xx_hal.o
 .text.HAL_DBGMCU_DisableDBGStandbyMode
                0x00000000       0x20 Drivers\STM32F4xx_HAL_Driver\Src\stm32f4xx_hal.o
 .text.HAL_EnableCompensationCell
                0x00000000       0x18 Drivers\STM32F4xx_HAL_Driver\Src\stm32f4xx_hal.o
[...]
Memory Configuration

Name             Origin             Length             Attributes
RAM              0x20000000         0x00020000         xrw
CCMRAM           0x10000000         0x00010000         rw
FLASH            0x08000000         0x00100000         xr
*default*        0x00000000         0xffffffff

Linker script and memory map

LOAD c:/program files (x86)/atollic/truestudio for stm32 9.0.1/armtools/bin/../lib/gcc/arm-atollic-eabi/6.3.1/armv7e-m/fpu/crti.o
LOAD c:/program files (x86)/atollic/truestudio for stm32 9.0.1/armtools/bin/../lib/gcc/arm-atollic-eabi/6.3.1/armv7e-m/fpu/crtbegin.o
LOAD Drivers\STM32F4xx_HAL_Driver\Src\stm32f4xx_hal.o
LOAD Drivers\STM32F4xx_HAL_Driver\Src\stm32f4xx_hal_cortex.o
LOAD Drivers\STM32F4xx_HAL_Driver\Src\stm32f4xx_hal_dma.o
LOAD Drivers\STM32F4xx_HAL_Driver\Src\stm32f4xx_hal_dma_ex.o
LOAD Drivers\STM32F4xx_HAL_Driver\Src\stm32f4xx_hal_flash.o
LOAD Drivers\STM32F4xx_HAL_Driver\Src\stm32f4xx_hal_flash_ex.o
LOAD Drivers\STM32F4xx_HAL_Driver\Src\stm32f4xx_hal_flash_ramfunc.o
LOAD Drivers\STM32F4xx_HAL_Driver\Src\stm32f4xx_hal_gpio.o
LOAD Drivers\STM32F4xx_HAL_Driver\Src\stm32f4xx_hal_pwr.o
LOAD Drivers\STM32F4xx_HAL_Driver\Src\stm32f4xx_hal_pwr_ex.o
LOAD Drivers\STM32F4xx_HAL_Driver\Src\stm32f4xx_hal_rcc.o
LOAD Drivers\STM32F4xx_HAL_Driver\Src\stm32f4xx_hal_rcc_ex.o
LOAD Drivers\STM32F4xx_HAL_Driver\Src\stm32f4xx_hal_sd.o
LOAD Drivers\STM32F4xx_HAL_Driver\Src\stm32f4xx_hal_tim.o
LOAD Drivers\STM32F4xx_HAL_Driver\Src\stm32f4xx_hal_tim_ex.o
LOAD Drivers\STM32F4xx_HAL_Driver\Src\stm32f4xx_ll_sdmmc.o
LOAD Middlewares\Third_Party\FatFs\src\diskio.o
LOAD Middlewares\Third_Party\FatFs\src\ff.o
LOAD Middlewares\Third_Party\FatFs\src\ff_gen_drv.o
LOAD Middlewares\Third_Party\FatFs\src\option\syscall.o
LOAD Src\bsp_driver_sd.o
LOAD Src\dma.o
LOAD Src\fatfs.o
LOAD Src\gpio.o
LOAD Src\main.o
LOAD Src\sd_diskio.o
LOAD Src\sdio.o
LOAD Src\stm32f4xx_hal_msp.o
LOAD Src\stm32f4xx_it.o
LOAD Src\system_stm32f4xx.o
LOAD startup\startup_stm32f407xx.o
                0x00000080                malloc_getpagesize_P = 0x80
START GROUP
LOAD c:/program files (x86)/atollic/truestudio for stm32 9.0.1/armtools/bin/../lib/gcc/arm-atollic-eabi/6.3.1/../../../../arm-atollic-eabi/lib/armv7e-m/fpu\libc_nano.a
LOAD c:/program files (x86)/atollic/truestudio for stm32 9.0.1/armtools/bin/../lib/gcc/arm-atollic-eabi/6.3.1/../../../../arm-atollic-eabi/lib/armv7e-m/fpu\libm.a
END GROUP
START GROUP
LOAD c:/program files (x86)/atollic/truestudio for stm32 9.0.1/armtools/bin/../lib/gcc/arm-atollic-eabi/6.3.1/armv7e-m/fpu\libgcc.a
LOAD c:/program files (x86)/atollic/truestudio for stm32 9.0.1/armtools/bin/../lib/gcc/arm-atollic-eabi/6.3.1/../../../../arm-atollic-eabi/lib/armv7e-m/fpu\libc_nano.a
END GROUP
START GROUP
LOAD c:/program files (x86)/atollic/truestudio for stm32 9.0.1/armtools/bin/../lib/gcc/arm-atollic-eabi/6.3.1/armv7e-m/fpu\libgcc.a
LOAD c:/program files (x86)/atollic/truestudio for stm32 9.0.1/armtools/bin/../lib/gcc/arm-atollic-eabi/6.3.1/../../../../arm-atollic-eabi/lib/armv7e-m/fpu\libc_nano.a
LOAD c:/program files (x86)/atollic/truestudio for stm32 9.0.1/armtools/bin/../lib/gcc/arm-atollic-eabi/6.3.1/../../../../arm-atollic-eabi/lib/armv7e-m/fpu\libnosys.a
END GROUP
START GROUP
LOAD c:/program files (x86)/atollic/truestudio for stm32 9.0.1/armtools/bin/../lib/gcc/arm-atollic-eabi/6.3.1/armv7e-m/fpu\libgcc.a
LOAD c:/program files (x86)/atollic/truestudio for stm32 9.0.1/armtools/bin/../lib/gcc/arm-atollic-eabi/6.3.1/../../../../arm-atollic-eabi/lib/armv7e-m/fpu\libc_nano.a
LOAD c:/program files (x86)/atollic/truestudio for stm32 9.0.1/armtools/bin/../lib/gcc/arm-atollic-eabi/6.3.1/../../../../arm-atollic-eabi/lib/armv7e-m/fpu\libnosys.a
END GROUP
LOAD c:/program files (x86)/atollic/truestudio for stm32 9.0.1/armtools/bin/../lib/gcc/arm-atollic-eabi/6.3.1/armv7e-m/fpu/crtend.o
LOAD c:/program files (x86)/atollic/truestudio for stm32 9.0.1/armtools/bin/../lib/gcc/arm-atollic-eabi/6.3.1/armv7e-m/fpu/crtn.o
                0x20020000                _estack = 0x20020000
                0x00002000                _Min_Heap_Size = 0x2000
                0x00004000                _Min_Stack_Size = 0x4000

.isr_vector     0x08000000      0x188
                0x08000000                . = ALIGN (0x4)
 *(.isr_vector)
 .isr_vector    0x08000000      0x188 startup\startup_stm32f407xx.o
                0x08000000                g_pfnVectors
                0x08000188                . = ALIGN (0x4)

.text           0x08000188     0x6a40
                0x08000188                . = ALIGN (0x4)
 *(.text)
 .text          0x08000188       0x40 c:/program files (x86)/atollic/truestudio for stm32 9.0.1/armtools/bin/../lib/gcc/arm-atollic-eabi/6.3.1/armv7e-m/fpu/crtbegin.o
 .text          0x080001c8       0x30 c:/program files (x86)/atollic/truestudio for stm32 9.0.1/armtools/bin/../lib/gcc/arm-atollic-eabi/6.3.1/armv7e-m/fpu\libgcc.a(_aeabi_uldivmod.o)
                0x080001c8                __aeabi_uldivmod
 .text          0x080001f8      0x2dc c:/program files (x86)/atollic/truestudio for stm32 9.0.1/armtools/bin/../lib/gcc/arm-atollic-eabi/6.3.1/armv7e-m/fpu\libgcc.a(_udivmoddi4.o)
                0x080001f8                __udivmoddi4
 .text          0x080004d4        0x4 c:/program files (x86)/atollic/truestudio for stm32 9.0.1/armtools/bin/../lib/gcc/arm-atollic-eabi/6.3.1/armv7e-m/fpu\libgcc.a(_dvmd_tls.o)
                0x080004d4                __aeabi_idiv0
                0x080004d4                __aeabi_ldiv0
 *(.text*)
 .text.HAL_Init
                0x080004d8       0x44 Drivers\STM32F4xx_HAL_Driver\Src\stm32f4xx_hal.o
                0x080004d8                HAL_Init
 .text.HAL_InitTick
                0x0800051c       0x60 Drivers\STM32F4xx_HAL_Driver\Src\stm32f4xx_hal.o
                0x0800051c                HAL_InitTick
 .text.HAL_IncTick
                0x0800057c       0x28 Drivers\STM32F4xx_HAL_Driver\Src\stm32f4xx_hal.o
                0x0800057c                HAL_IncTick
 .text.HAL_GetTick
                0x080005a4       0x18 Drivers\STM32F4xx_HAL_Driver\Src\stm32f4xx_hal.o
                0x080005a4                HAL_GetTick
 .text.HAL_Delay
                0x080005bc       0x44 Drivers\STM32F4xx_HAL_Driver\Src\stm32f4xx_hal.o
                0x080005bc                HAL_Delay
 .text.NVIC_SetPriorityGrouping
                0x08000600       0x48 Drivers\STM32F4xx_HAL_Driver\Src\stm32f4xx_hal_cortex.o
 .text.NVIC_GetPriorityGrouping
                0x08000648       0x1c Drivers\STM32F4xx_HAL_Driver\Src\stm32f4xx_hal_cortex.o
 .text.NVIC_EnableIRQ
                0x08000664       0x34 Drivers\STM32F4xx_HAL_Driver\Src\stm32f4xx_hal_cortex.o
 .text.NVIC_SetPriority
                0x08000698       0x54 Drivers\STM32F4xx_HAL_Driver\Src\stm32f4xx_hal_cortex.o
 .text.NVIC_EncodePriority
                0x080006ec       0x62 Drivers\STM32F4xx_HAL_Driver\Src\stm32f4xx_hal_cortex.o
 *fill*         0x0800074e        0x2 
 .text.SysTick_Config
                0x08000750       0x44 Drivers\STM32F4xx_HAL_Driver\Src\stm32f4xx_hal_cortex.o
 .text.HAL_NVIC_SetPriorityGrouping
                0x08000794       0x16 Drivers\STM32F4xx_HAL_Driver\Src\stm32f4xx_hal_cortex.o
                0x08000794                HAL_NVIC_SetPriorityGrouping
 .text.HAL_NVIC_SetPriority
                0x080007aa       0x38 Drivers\STM32F4xx_HAL_Driver\Src\stm32f4xx_hal_cortex.o
                0x080007aa                HAL_NVIC_SetPriority
 .text.HAL_NVIC_EnableIRQ
                0x080007e2       0x1c Drivers\STM32F4xx_HAL_Driver\Src\stm32f4xx_hal_cortex.o
                0x080007e2                HAL_NVIC_EnableIRQ
 .text.HAL_SYSTICK_Config
                0x080007fe       0x18 Drivers\STM32F4xx_HAL_Driver\Src\stm32f4xx_hal_cortex.o
                0x080007fe                HAL_SYSTICK_Config
 *fill*         0x08000816        0x2 
 .text.HAL_SYSTICK_CLKSourceConfig
                0x08000818       0x38 Drivers\STM32F4xx_HAL_Driver\Src\stm32f4xx_hal_cortex.o
                0x08000818                HAL_SYSTICK_CLKSourceConfig
 .text.HAL_SYSTICK_IRQHandler
                0x08000850        0xc Drivers\STM32F4xx_HAL_Driver\Src\stm32f4xx_hal_cortex.o
                0x08000850                HAL_SYSTICK_IRQHandler
 .text.HAL_SYSTICK_Callback
                0x0800085c        0xe Drivers\STM32F4xx_HAL_Driver\Src\stm32f4xx_hal_cortex.o
                0x0800085c                HAL_SYSTICK_Callback
 *fill*         0x0800086a        0x2 
 .text.HAL_DMA_Init
                0x0800086c      0x15c Drivers\STM32F4xx_HAL_Driver\Src\stm32f4xx_hal_dma.o
                0x0800086c                HAL_DMA_Init
 .text.HAL_DMA_Start_IT
                0x080009c8       0xc0 Drivers\STM32F4xx_HAL_Driver\Src\stm32f4xx_hal_dma.o
                0x080009c8                HAL_DMA_Start_IT
 .text.HAL_DMA_Abort_IT
                0x08000a88       0x44 Drivers\STM32F4xx_HAL_Driver\Src\stm32f4xx_hal_dma.o
                0x08000a88                HAL_DMA_Abort_IT
 .text.HAL_DMA_IRQHandler
                0x08000acc      0x314 Drivers\STM32F4xx_HAL_Driver\Src\stm32f4xx_hal_dma.o
                0x08000acc                HAL_DMA_IRQHandler
 .text.DMA_SetConfig
                0x08000de0       0x5c Drivers\STM32F4xx_HAL_Driver\Src\stm32f4xx_hal_dma.o
 .text.DMA_CalcBaseAndBitshift
                0x08000e3c       0x6c Drivers\STM32F4xx_HAL_Driver\Src\stm32f4xx_hal_dma.o
 .text.DMA_CheckFifoParam
                0x08000ea8       0xf4 Drivers\STM32F4xx_HAL_Driver\Src\stm32f4xx_hal_dma.o
 .text.HAL_GPIO_Init
                0x08000f9c      0x334 Drivers\STM32F4xx_HAL_Driver\Src\stm32f4xx_hal_gpio.o
                0x08000f9c                HAL_GPIO_Init
 .text.HAL_GPIO_WritePin
                0x080012d0       0x32 Drivers\STM32F4xx_HAL_Driver\Src\stm32f4xx_hal_gpio.o
                0x080012d0                HAL_GPIO_WritePin
 *fill*         0x08001302        0x2 
 .text.HAL_RCC_OscConfig
                0x08001304      0x484 Drivers\STM32F4xx_HAL_Driver\Src\stm32f4xx_hal_rcc.o
                0x08001304                HAL_RCC_OscConfig
 .text.HAL_RCC_ClockConfig
                0x08001788      0x1c4 Drivers\STM32F4xx_HAL_Driver\Src\stm32f4xx_hal_rcc.o
                0x08001788                HAL_RCC_ClockConfig
 .text.HAL_RCC_GetSysClockFreq
                0x0800194c      0x1b0 Drivers\STM32F4xx_HAL_Driver\Src\stm32f4xx_hal_rcc.o
                0x0800194c                HAL_RCC_GetSysClockFreq
 .text.HAL_RCC_GetHCLKFreq
                0x08001afc       0x18 Drivers\STM32F4xx_HAL_Driver\Src\stm32f4xx_hal_rcc.o
                0x08001afc                HAL_RCC_GetHCLKFreq
 .text.HAL_SD_Init
                0x08001b14       0x56 Drivers\STM32F4xx_HAL_Driver\Src\stm32f4xx_hal_sd.o
                0x08001b14                HAL_SD_Init
 *fill*         0x08001b6a        0x2 
 .text.HAL_SD_InitCard
                0x08001b6c       0xb8 Drivers\STM32F4xx_HAL_Driver\Src\stm32f4xx_hal_sd.o
                0x08001b6c                HAL_SD_InitCard
 .text.HAL_SD_ReadBlocks_DMA
                0x08001c24      0x194 Drivers\STM32F4xx_HAL_Driver\Src\stm32f4xx_hal_sd.o
                0x08001c24                HAL_SD_ReadBlocks_DMA
 .text.HAL_SD_WriteBlocks_DMA
                0x08001db8      0x194 Drivers\STM32F4xx_HAL_Driver\Src\stm32f4xx_hal_sd.o
                0x08001db8                HAL_SD_WriteBlocks_DMA
 .text.HAL_SD_IRQHandler
                0x08001f4c      0x2cc Drivers\STM32F4xx_HAL_Driver\Src\stm32f4xx_hal_sd.o
                0x08001f4c                HAL_SD_IRQHandler
 .text.HAL_SD_ErrorCallback
                0x08002218       0x14 Drivers\STM32F4xx_HAL_Driver\Src\stm32f4xx_hal_sd.o
                0x08002218                HAL_SD_ErrorCallback
 .text.HAL_SD_GetCardCSD
                0x0800222c      0x456 Drivers\STM32F4xx_HAL_Driver\Src\stm32f4xx_hal_sd.o
                0x0800222c                HAL_SD_GetCardCSD
 .text.HAL_SD_GetCardInfo
                0x08002682       0x58 Drivers\STM32F4xx_HAL_Driver\Src\stm32f4xx_hal_sd.o
                0x08002682                HAL_SD_GetCardInfo
 .text.HAL_SD_ConfigWideBusOperation
                0x080026da       0xf8 Drivers\STM32F4xx_HAL_Driver\Src\stm32f4xx_hal_sd.o
                0x080026da                HAL_SD_ConfigWideBusOperation
 .text.HAL_SD_GetCardState
                0x080027d2       0x4a Drivers\STM32F4xx_HAL_Driver\Src\stm32f4xx_hal_sd.o
                0x080027d2                HAL_SD_GetCardState
 .text.SD_DMATransmitCplt
                0x0800281c       0x2a Drivers\STM32F4xx_HAL_Driver\Src\stm32f4xx_hal_sd.o
 .text.SD_DMAReceiveCplt
                0x08002846       0x6e Drivers\STM32F4xx_HAL_Driver\Src\stm32f4xx_hal_sd.o
 .text.SD_DMAError
                0x080028b4       0x8a Drivers\STM32F4xx_HAL_Driver\Src\stm32f4xx_hal_sd.o
 .text.SD_DMATxAbort
                0x0800293e       0x7c Drivers\STM32F4xx_HAL_Driver\Src\stm32f4xx_hal_sd.o
 .text.SD_DMARxAbort
                0x080029ba       0x7c Drivers\STM32F4xx_HAL_Driver\Src\stm32f4xx_hal_sd.o
 .text.SD_InitCard
                0x08002a36      0x192 Drivers\STM32F4xx_HAL_Driver\Src\stm32f4xx_hal_sd.o
 .text.SD_PowerON
                0x08002bc8      0x150 Drivers\STM32F4xx_HAL_Driver\Src\stm32f4xx_hal_sd.o
 .text.SD_SendStatus
                0x08002d18       0x54 Drivers\STM32F4xx_HAL_Driver\Src\stm32f4xx_hal_sd.o
 .text.SD_WideBus_Enable
                0x08002d6c       0x9a Drivers\STM32F4xx_HAL_Driver\Src\stm32f4xx_hal_sd.o
 .text.SD_WideBus_Disable
                0x08002e06       0x9a Drivers\STM32F4xx_HAL_Driver\Src\stm32f4xx_hal_sd.o
 .text.SD_FindSCR
                0x08002ea0      0x190 Drivers\STM32F4xx_HAL_Driver\Src\stm32f4xx_hal_sd.o
 .text.SD_Read_IT
                0x08003030       0x50 Drivers\STM32F4xx_HAL_Driver\Src\stm32f4xx_hal_sd.o
 .text.SD_Write_IT
                0x08003080       0x4c Drivers\STM32F4xx_HAL_Driver\Src\stm32f4xx_hal_sd.o
 .text.SDIO_Init
                0x080030cc       0x56 Drivers\STM32F4xx_HAL_Driver\Src\stm32f4xx_ll_sdmmc.o
                0x080030cc                SDIO_Init
 .text.SDIO_ReadFIFO
                0x08003122       0x1a Drivers\STM32F4xx_HAL_Driver\Src\stm32f4xx_ll_sdmmc.o
                0x08003122                SDIO_ReadFIFO
 .text.SDIO_WriteFIFO
                0x0800313c       0x22 Drivers\STM32F4xx_HAL_Driver\Src\stm32f4xx_ll_sdmmc.o
                0x0800313c                SDIO_WriteFIFO
 .text.SDIO_PowerState_ON
                0x0800315e       0x1c Drivers\STM32F4xx_HAL_Driver\Src\stm32f4xx_ll_sdmmc.o
                0x0800315e                SDIO_PowerState_ON
 .text.SDIO_GetPowerState
                0x0800317a       0x1c Drivers\STM32F4xx_HAL_Driver\Src\stm32f4xx_ll_sdmmc.o
                0x0800317a                SDIO_GetPowerState
 .text.SDIO_SendCommand
                0x08003196       0x54 Drivers\STM32F4xx_HAL_Driver\Src\stm32f4xx_ll_sdmmc.o
                0x08003196                SDIO_SendCommand
 .text.SDIO_GetCommandResponse
                0x080031ea       0x1a Drivers\STM32F4xx_HAL_Driver\Src\stm32f4xx_ll_sdmmc.o
                0x080031ea                SDIO_GetCommandResponse
 .text.SDIO_GetResponse
                0x08003204       0x2a Drivers\STM32F4xx_HAL_Driver\Src\stm32f4xx_ll_sdmmc.o
                0x08003204                SDIO_GetResponse
 .text.SDIO_ConfigData
                0x0800322e       0x58 Drivers\STM32F4xx_HAL_Driver\Src\stm32f4xx_ll_sdmmc.o
                0x0800322e                SDIO_ConfigData
 .text.SDMMC_CmdBlockLength
                0x08003286       0x48 Drivers\STM32F4xx_HAL_Driver\Src\stm32f4xx_ll_sdmmc.o
                0x08003286                SDMMC_CmdBlockLength
 .text.SDMMC_CmdReadSingleBlock
                0x080032ce       0x48 Drivers\STM32F4xx_HAL_Driver\Src\stm32f4xx_ll_sdmmc.o
                0x080032ce                SDMMC_CmdReadSingleBlock
 .text.SDMMC_CmdReadMultiBlock
                0x08003316       0x48 Drivers\STM32F4xx_HAL_Driver\Src\stm32f4xx_ll_sdmmc.o
                0x08003316                SDMMC_CmdReadMultiBlock
 .text.SDMMC_CmdWriteSingleBlock
                0x0800335e       0x48 Drivers\STM32F4xx_HAL_Driver\Src\stm32f4xx_ll_sdmmc.o
                0x0800335e                SDMMC_CmdWriteSingleBlock
 .text.SDMMC_CmdWriteMultiBlock
                0x080033a6       0x48 Drivers\STM32F4xx_HAL_Driver\Src\stm32f4xx_ll_sdmmc.o
                0x080033a6                SDMMC_CmdWriteMultiBlock
 *fill*         0x080033ee        0x2 
 .text.SDMMC_CmdStopTransfer
                0x080033f0       0x48 Drivers\STM32F4xx_HAL_Driver\Src\stm32f4xx_ll_sdmmc.o
                0x080033f0                SDMMC_CmdStopTransfer
 .text.SDMMC_CmdSelDesel
                0x08003438       0x4a Drivers\STM32F4xx_HAL_Driver\Src\stm32f4xx_ll_sdmmc.o
                0x08003438                SDMMC_CmdSelDesel
 .text.SDMMC_CmdGoIdleState
                0x08003482       0x40 Drivers\STM32F4xx_HAL_Driver\Src\stm32f4xx_ll_sdmmc.o
                0x08003482                SDMMC_CmdGoIdleState
 .text.SDMMC_CmdOperCond
                0x080034c2       0x42 Drivers\STM32F4xx_HAL_Driver\Src\stm32f4xx_ll_sdmmc.o
                0x080034c2                SDMMC_CmdOperCond
 .text.SDMMC_CmdAppCommand
                0x08003504       0x48 Drivers\STM32F4xx_HAL_Driver\Src\stm32f4xx_ll_sdmmc.o
                0x08003504                SDMMC_CmdAppCommand
 .text.SDMMC_CmdAppOperCommand
                0x0800354c       0x4a Drivers\STM32F4xx_HAL_Driver\Src\stm32f4xx_ll_sdmmc.o
                0x0800354c                SDMMC_CmdAppOperCommand
 .text.SDMMC_CmdBusWidth
                0x08003596       0x48 Drivers\STM32F4xx_HAL_Driver\Src\stm32f4xx_ll_sdmmc.o
                0x08003596                SDMMC_CmdBusWidth
 .text.SDMMC_CmdSendSCR
                0x080035de       0x46 Drivers\STM32F4xx_HAL_Driver\Src\stm32f4xx_ll_sdmmc.o
                0x080035de                SDMMC_CmdSendSCR
 .text.SDMMC_CmdSendCID
                0x08003624       0x40 Drivers\STM32F4xx_HAL_Driver\Src\stm32f4xx_ll_sdmmc.o
                0x08003624                SDMMC_CmdSendCID
 .text.SDMMC_CmdSendCSD
                0x08003664       0x42 Drivers\STM32F4xx_HAL_Driver\Src\stm32f4xx_ll_sdmmc.o
                0x08003664                SDMMC_CmdSendCSD
 .text.SDMMC_CmdSetRelAdd
                0x080036a6       0x46 Drivers\STM32F4xx_HAL_Driver\Src\stm32f4xx_ll_sdmmc.o
                0x080036a6                SDMMC_CmdSetRelAdd
 .text.SDMMC_CmdSendStatus
                0x080036ec       0x48 Drivers\STM32F4xx_HAL_Driver\Src\stm32f4xx_ll_sdmmc.o
                0x080036ec                SDMMC_CmdSendStatus
 .text.SDMMC_GetCmdError
                0x08003734       0x54 Drivers\STM32F4xx_HAL_Driver\Src\stm32f4xx_ll_sdmmc.o
 .text.SDMMC_GetCmdResp1
                0x08003788      0x1cc Drivers\STM32F4xx_HAL_Driver\Src\stm32f4xx_ll_sdmmc.o
 .text.SDMMC_GetCmdResp2
                0x08003954       0x80 Drivers\STM32F4xx_HAL_Driver\Src\stm32f4xx_ll_sdmmc.o
 .text.SDMMC_GetCmdResp3
                0x080039d4       0x68 Drivers\STM32F4xx_HAL_Driver\Src\stm32f4xx_ll_sdmmc.o
 .text.SDMMC_GetCmdResp6
                0x08003a3c       0xdc Drivers\STM32F4xx_HAL_Driver\Src\stm32f4xx_ll_sdmmc.o
 .text.SDMMC_GetCmdResp7
                0x08003b18       0x74 Drivers\STM32F4xx_HAL_Driver\Src\stm32f4xx_ll_sdmmc.o
 .text.disk_status
                0x08003b8c       0x34 Middlewares\Third_Party\FatFs\src\diskio.o
                0x08003b8c                disk_status
 .text.disk_initialize
                0x08003bc0       0x4c Middlewares\Third_Party\FatFs\src\diskio.o
                0x08003bc0                disk_initialize
 .text.disk_read
                0x08003c0c       0x40 Middlewares\Third_Party\FatFs\src\diskio.o
                0x08003c0c                disk_read
 .text.disk_write
                0x08003c4c       0x40 Middlewares\Third_Party\FatFs\src\diskio.o
                0x08003c4c                disk_write
 .text.disk_ioctl
                0x08003c8c       0x3c Middlewares\Third_Party\FatFs\src\diskio.o
                0x08003c8c                disk_ioctl
 .text.ld_word  0x08003cc8       0x30 Middlewares\Third_Party\FatFs\src\ff.o
 .text.ld_dword
                0x08003cf8       0x46 Middlewares\Third_Party\FatFs\src\ff.o
 .text.st_word  0x08003d3e       0x36 Middlewares\Third_Party\FatFs\src\ff.o
 .text.st_dword
                0x08003d74       0x58 Middlewares\Third_Party\FatFs\src\ff.o
 .text.mem_cpy  0x08003dcc       0x42 Middlewares\Third_Party\FatFs\src\ff.o
 .text.mem_set  0x08003e0e       0x34 Middlewares\Third_Party\FatFs\src\ff.o
 .text.mem_cmp  0x08003e42       0x4e Middlewares\Third_Party\FatFs\src\ff.o
 .text.chk_chr  0x08003e90       0x36 Middlewares\Third_Party\FatFs\src\ff.o
 *fill*         0x08003ec6        0x2 
 .text.chk_lock
                0x08003ec8       0xb8 Middlewares\Third_Party\FatFs\src\ff.o
 .text.enq_lock
                0x08003f80       0x44 Middlewares\Third_Party\FatFs\src\ff.o
 .text.inc_lock
                0x08003fc4      0x11c Middlewares\Third_Party\FatFs\src\ff.o
 .text.dec_lock
                0x080040e0       0x78 Middlewares\Third_Party\FatFs\src\ff.o
 .text.clear_lock
                0x08004158       0x48 Middlewares\Third_Party\FatFs\src\ff.o
 .text.sync_window
                0x080041a0       0x88 Middlewares\Third_Party\FatFs\src\ff.o
 .text.move_window
                0x08004228       0x5a Middlewares\Third_Party\FatFs\src\ff.o
 *fill*         0x08004282        0x2 
 .text.sync_fs  0x08004284       0xe0 Middlewares\Third_Party\FatFs\src\ff.o
 .text.clust2sect
                0x08004364       0x3e Middlewares\Third_Party\FatFs\src\ff.o
 .text.get_fat  0x080043a2      0x1a0 Middlewares\Third_Party\FatFs\src\ff.o
 .text.put_fat  0x08004542      0x22e Middlewares\Third_Party\FatFs\src\ff.o
 .text.remove_chain
                0x08004770       0xca Middlewares\Third_Party\FatFs\src\ff.o
 .text.create_chain
                0x0800483a      0x130 Middlewares\Third_Party\FatFs\src\ff.o
 .text.clmt_clust
                0x0800496a       0x70 Middlewares\Third_Party\FatFs\src\ff.o
 .text.dir_sdi  0x080049da      0x112 Middlewares\Third_Party\FatFs\src\ff.o
 .text.dir_next
                0x08004aec      0x1ac Middlewares\Third_Party\FatFs\src\ff.o
 .text.dir_alloc
                0x08004c98       0x8e Middlewares\Third_Party\FatFs\src\ff.o
 .text.ld_clust
                0x08004d26       0x3e Middlewares\Third_Party\FatFs\src\ff.o
 .text.st_clust
                0x08004d64       0x40 Middlewares\Third_Party\FatFs\src\ff.o
 .text.dir_find
                0x08004da4       0xaa Middlewares\Third_Party\FatFs\src\ff.o
 .text.dir_register
                0x08004e4e       0x64 Middlewares\Third_Party\FatFs\src\ff.o
 *fill*         0x08004eb2        0x2 
 .text.create_name
                0x08004eb4      0x128 Middlewares\Third_Party\FatFs\src\ff.o
 .text.follow_path
                0x08004fdc       0xec Middlewares\Third_Party\FatFs\src\ff.o
 .text.get_ldnumber
                0x080050c8       0x88 Middlewares\Third_Party\FatFs\src\ff.o
 .text.check_fs
                0x08005150       0xac Middlewares\Third_Party\FatFs\src\ff.o
 .text.find_volume
                0x080051fc      0x508 Middlewares\Third_Party\FatFs\src\ff.o
 .text.validate
                0x08005704       0x68 Middlewares\Third_Party\FatFs\src\ff.o
 .text.f_mount  0x0800576c       0x8c Middlewares\Third_Party\FatFs\src\ff.o
                0x0800576c                f_mount
 .text.f_open   0x080057f8      0x398 Middlewares\Third_Party\FatFs\src\ff.o
                0x080057f8                f_open
 .text.f_write  0x08005b90      0x328 Middlewares\Third_Party\FatFs\src\ff.o
                0x08005b90                f_write
 .text.f_sync   0x08005eb8       0xfc Middlewares\Third_Party\FatFs\src\ff.o
                0x08005eb8                f_sync
 .text.f_close  0x08005fb4       0x54 Middlewares\Third_Party\FatFs\src\ff.o
                0x08005fb4                f_close
 .text.FATFS_LinkDriverEx
                0x08006008       0x98 Middlewares\Third_Party\FatFs\src\ff_gen_drv.o
                0x08006008                FATFS_LinkDriverEx
 .text.FATFS_LinkDriver
                0x080060a0       0x1e Middlewares\Third_Party\FatFs\src\ff_gen_drv.o
                0x080060a0                FATFS_LinkDriver
 *fill*         0x080060be        0x2 
 .text.BSP_SD_Init
                0x080060c0       0x4c Src\bsp_driver_sd.o
                0x080060c0                BSP_SD_Init
 .text.BSP_SD_ReadBlocks_DMA
                0x0800610c       0x34 Src\bsp_driver_sd.o
                0x0800610c                BSP_SD_ReadBlocks_DMA
 .text.BSP_SD_WriteBlocks_DMA
                0x08006140       0x34 Src\bsp_driver_sd.o
                0x08006140                BSP_SD_WriteBlocks_DMA
 .text.BSP_SD_GetCardState
                0x08006174       0x20 Src\bsp_driver_sd.o
                0x08006174                BSP_SD_GetCardState
 .text.BSP_SD_GetCardInfo
                0x08006194       0x1c Src\bsp_driver_sd.o
                0x08006194                BSP_SD_GetCardInfo
 .text.HAL_SD_AbortCallback
                0x080061b0       0x14 Src\bsp_driver_sd.o
                0x080061b0                HAL_SD_AbortCallback
 .text.HAL_SD_TxCpltCallback
                0x080061c4       0x14 Src\bsp_driver_sd.o
                0x080061c4                HAL_SD_TxCpltCallback
 .text.HAL_SD_RxCpltCallback
                0x080061d8       0x14 Src\bsp_driver_sd.o
                0x080061d8                HAL_SD_RxCpltCallback
 .text.BSP_SD_AbortCallback
                0x080061ec        0xe Src\bsp_driver_sd.o
                0x080061ec                BSP_SD_AbortCallback
 .text.BSP_SD_IsDetected
                0x080061fa       0x1a Src\bsp_driver_sd.o
                0x080061fa                BSP_SD_IsDetected
 .text.MX_DMA_Init
                0x08006214       0x50 Src\dma.o
                0x08006214                MX_DMA_Init
 .text.MX_FATFS_Init
                0x08006264       0x24 Src\fatfs.o
                0x08006264                MX_FATFS_Init
 .text.get_fattime
                0x08006288       0x10 Src\fatfs.o
                0x08006288                get_fattime
 .text.MX_GPIO_Init
                0x08006298       0xb0 Src\gpio.o
                0x08006298                MX_GPIO_Init
 .text.main     0x08006348       0xd4 Src\main.o
                0x08006348                main
 .text.SystemClock_Config
                0x0800641c       0xec Src\main.o
                0x0800641c                SystemClock_Config
 .text._Error_Handler
                0x08006508        0xc Src\main.o
                0x08006508                _Error_Handler
 .text.SD_CheckStatus
                0x08006514       0x3c Src\sd_diskio.o
 .text.SD_initialize
                0x08006550       0x3c Src\sd_diskio.o
                0x08006550                SD_initialize
 .text.SD_status
                0x0800658c       0x1c Src\sd_diskio.o
                0x0800658c                SD_status
 .text.SD_read  0x080065a8       0x98 Src\sd_diskio.o
                0x080065a8                SD_read
 .text.SD_write
                0x08006640       0x98 Src\sd_diskio.o
                0x08006640                SD_write
 .text.SD_ioctl
                0x080066d8       0xb0 Src\sd_diskio.o
                0x080066d8                SD_ioctl
 .text.BSP_SD_WriteCpltCallback
                0x08006788       0x18 Src\sd_diskio.o
                0x08006788                BSP_SD_WriteCpltCallback
 .text.BSP_SD_ReadCpltCallback
                0x080067a0       0x18 Src\sd_diskio.o
                0x080067a0                BSP_SD_ReadCpltCallback
 .text.MX_SDIO_SD_Init
                0x080067b8       0x40 Src\sdio.o
                0x080067b8                MX_SDIO_SD_Init
 .text.HAL_SD_MspInit
                0x080067f8      0x1a4 Src\sdio.o
                0x080067f8                HAL_SD_MspInit
 .text.HAL_MspInit
                0x0800699c       0xa4 Src\stm32f4xx_hal_msp.o
                0x0800699c                HAL_MspInit
 .text.SVC_Handler
                0x08006a40        0xe Src\stm32f4xx_it.o
                0x08006a40                SVC_Handler
 .text.PendSV_Handler
                0x08006a4e        0xe Src\stm32f4xx_it.o
                0x08006a4e                PendSV_Handler
 .text.SysTick_Handler
                0x08006a5c       0x10 Src\stm32f4xx_it.o
                0x08006a5c                SysTick_Handler
 .text.SDIO_IRQHandler
                0x08006a6c       0x14 Src\stm32f4xx_it.o
                0x08006a6c                SDIO_IRQHandler
 .text.DMA2_Stream3_IRQHandler
                0x08006a80       0x14 Src\stm32f4xx_it.o
                0x08006a80                DMA2_Stream3_IRQHandler
 .text.DMA2_Stream6_IRQHandler
                0x08006a94       0x14 Src\stm32f4xx_it.o
                0x08006a94                DMA2_Stream6_IRQHandler
 .text.SystemInit
                0x08006aa8       0x6c Src\system_stm32f4xx.o
                0x08006aa8                SystemInit
 .text.Reset_Handler
                0x08006b14       0x50 startup\startup_stm32f407xx.o
                0x08006b14                Reset_Handler
 .text.Default_Handler
                0x08006b64        0x2 startup\startup_stm32f407xx.o
                0x08006b64                RTC_Alarm_IRQHandler
                0x08006b64                HASH_RNG_IRQHandler
                0x08006b64                EXTI2_IRQHandler
                0x08006b64                TIM8_CC_IRQHandler
                0x08006b64                DebugMon_Handler
                0x08006b64                TIM1_CC_IRQHandler
                0x08006b64                DMA2_Stream5_IRQHandler
                0x08006b64                HardFault_Handler
                0x08006b64                DMA1_Stream5_IRQHandler
                0x08006b64                PVD_IRQHandler
                0x08006b64                TAMP_STAMP_IRQHandler
                0x08006b64                NMI_Handler
                0x08006b64                CAN2_RX1_IRQHandler
                0x08006b64                EXTI3_IRQHandler
                0x08006b64                TIM8_TRG_COM_TIM14_IRQHandler
                0x08006b64                TIM1_UP_TIM10_IRQHandler
                0x08006b64                TIM8_UP_TIM13_IRQHandler
                0x08006b64                I2C3_ER_IRQHandler
                0x08006b64                EXTI0_IRQHandler
                0x08006b64                I2C2_EV_IRQHandler
                0x08006b64                DMA1_Stream2_IRQHandler
                0x08006b64                CAN1_RX0_IRQHandler
                0x08006b64                FPU_IRQHandler
                0x08006b64                OTG_HS_WKUP_IRQHandler
                0x08006b64                UsageFault_Handler
                0x08006b64                CAN2_SCE_IRQHandler
                0x08006b64                DMA2_Stream2_IRQHandler
                0x08006b64                SPI1_IRQHandler
                0x08006b64                TIM6_DAC_IRQHandler
                0x08006b64                TIM1_BRK_TIM9_IRQHandler
                0x08006b64                DCMI_IRQHandler
                0x08006b64                CAN2_RX0_IRQHandler
                0x08006b64                USART6_IRQHandler
                0x08006b64                USART3_IRQHandler
                0x08006b64                CAN1_RX1_IRQHandler
                0x08006b64                UART5_IRQHandler
                0x08006b64                DMA2_Stream0_IRQHandler
                0x08006b64                TIM4_IRQHandler
                0x08006b64                I2C1_EV_IRQHandler
                0x08006b64                DMA1_Stream6_IRQHandler
                0x08006b64                DMA1_Stream1_IRQHandler
                0x08006b64                UART4_IRQHandler
                0x08006b64                TIM3_IRQHandler
                0x08006b64                RCC_IRQHandler
                0x08006b64                TIM8_BRK_TIM12_IRQHandler
                0x08006b64                Default_Handler
                0x08006b64                EXTI15_10_IRQHandler
                0x08006b64                ADC_IRQHandler
                0x08006b64                DMA1_Stream7_IRQHandler
                0x08006b64                TIM7_IRQHandler
                0x08006b64                CAN2_TX_IRQHandler
                0x08006b64                TIM5_IRQHandler
                0x08006b64                DMA2_Stream7_IRQHandler
                0x08006b64                I2C3_EV_IRQHandler
                0x08006b64                EXTI9_5_IRQHandler
                0x08006b64                RTC_WKUP_IRQHandler
                0x08006b64                ETH_WKUP_IRQHandler
                0x08006b64                SPI2_IRQHandler
                0x08006b64                OTG_HS_EP1_IN_IRQHandler
                0x08006b64                MemManage_Handler
                0x08006b64                DMA1_Stream0_IRQHandler
                0x08006b64                CAN1_TX_IRQHandler
                0x08006b64                EXTI4_IRQHandler
                0x08006b64                FSMC_IRQHandler
                0x08006b64                ETH_IRQHandler
                0x08006b64                OTG_HS_EP1_OUT_IRQHandler
                0x08006b64                WWDG_IRQHandler
                0x08006b64                TIM2_IRQHandler
                0x08006b64                OTG_FS_WKUP_IRQHandler
                0x08006b64                TIM1_TRG_COM_TIM11_IRQHandler
                0x08006b64                OTG_HS_IRQHandler
                0x08006b64                EXTI1_IRQHandler
                0x08006b64                USART2_IRQHandler
                0x08006b64                I2C2_ER_IRQHandler
                0x08006b64                DMA2_Stream1_IRQHandler
                0x08006b64                CAN1_SCE_IRQHandler
                0x08006b64                FLASH_IRQHandler
                0x08006b64                DMA2_Stream4_IRQHandler
                0x08006b64                BusFault_Handler
                0x08006b64                USART1_IRQHandler
                0x08006b64                OTG_FS_IRQHandler
                0x08006b64                SPI3_IRQHandler
                0x08006b64                DMA1_Stream4_IRQHandler
                0x08006b64                I2C1_ER_IRQHandler
                0x08006b64                DMA1_Stream3_IRQHandler
 *fill*         0x08006b66        0x2 
 .text.__libc_init_array
                0x08006b68       0x48 c:/program files (x86)/atollic/truestudio for stm32 9.0.1/armtools/bin/../lib/gcc/arm-atollic-eabi/6.3.1/../../../../arm-atollic-eabi/lib/armv7e-m/fpu\libc_nano.a(lib_a-init.o)
                0x08006b68                __libc_init_array
 *(.glue_7)
 .glue_7        0x08006bb0        0x0 linker stubs
 *(.glue_7t)
 .glue_7t       0x08006bb0        0x0 linker stubs
 *(.eh_frame)
 .eh_frame      0x08006bb0        0x0 c:/program files (x86)/atollic/truestudio for stm32 9.0.1/armtools/bin/../lib/gcc/arm-atollic-eabi/6.3.1/armv7e-m/fpu/crtbegin.o
 *(.init)
 .init          0x08006bb0        0x4 c:/program files (x86)/atollic/truestudio for stm32 9.0.1/armtools/bin/../lib/gcc/arm-atollic-eabi/6.3.1/armv7e-m/fpu/crti.o
                0x08006bb0                _init
 .init          0x08006bb4        0x8 c:/program files (x86)/atollic/truestudio for stm32 9.0.1/armtools/bin/../lib/gcc/arm-atollic-eabi/6.3.1/armv7e-m/fpu/crtn.o
 *(.fini)
 .fini          0x08006bbc        0x4 c:/program files (x86)/atollic/truestudio for stm32 9.0.1/armtools/bin/../lib/gcc/arm-atollic-eabi/6.3.1/armv7e-m/fpu/crti.o
                0x08006bbc                _fini
 .fini          0x08006bc0        0x8 c:/program files (x86)/atollic/truestudio for stm32 9.0.1/armtools/bin/../lib/gcc/arm-atollic-eabi/6.3.1/armv7e-m/fpu/crtn.o
                0x08006bc8                . = ALIGN (0x4)
                0x08006bc8                _etext = .

.vfp11_veneer   0x08006bc8        0x0
 .vfp11_veneer  0x08006bc8        0x0 linker stubs

.v4_bx          0x08006bc8        0x0
 .v4_bx         0x08006bc8        0x0 linker stubs

.iplt           0x08006bc8        0x0
 .iplt          0x08006bc8        0x0 c:/program files (x86)/atollic/truestudio for stm32 9.0.1/armtools/bin/../lib/gcc/arm-atollic-eabi/6.3.1/armv7e-m/fpu/crtbegin.o

.rodata         0x08006bc8      0x14c
                0x08006bc8                . = ALIGN (0x4)
 *(.rodata)
 .rodata        0x08006bc8       0x44 Middlewares\Third_Party\FatFs\src\ff.o
 .rodata        0x08006c0c       0x4a Src\main.o
 *fill*         0x08006c56        0x2 
 .rodata        0x08006c58        0xe Src\sdio.o
 *(.rodata*)
 *fill*         0x08006c66        0x2 
 .rodata.flagBitshiftOffset.8545
                0x08006c68        0x8 Drivers\STM32F4xx_HAL_Driver\Src\stm32f4xx_hal_dma.o
 .rodata.ExCvt  0x08006c70       0x80 Middlewares\Third_Party\FatFs\src\ff.o
 .rodata.SD_Driver
                0x08006cf0       0x14 Src\sd_diskio.o
                0x08006cf0                SD_Driver
 .rodata.AHBPrescTable
                0x08006d04       0x10 Src\system_stm32f4xx.o
                0x08006d04                AHBPrescTable
                0x08006d14                . = ALIGN (0x4)

.ARM.extab
 *(.ARM.extab* .gnu.linkonce.armextab.*)

.ARM            0x08006d14        0x8
                0x08006d14                __exidx_start = .
 *(.ARM.exidx*)
 .ARM.exidx     0x08006d14        0x8 c:/program files (x86)/atollic/truestudio for stm32 9.0.1/armtools/bin/../lib/gcc/arm-atollic-eabi/6.3.1/armv7e-m/fpu\libgcc.a(_udivmoddi4.o)
                0x08006d1c                __exidx_end = .

.rel.dyn        0x08006d1c        0x0
 .rel.iplt      0x08006d1c        0x0 c:/program files (x86)/atollic/truestudio for stm32 9.0.1/armtools/bin/../lib/gcc/arm-atollic-eabi/6.3.1/armv7e-m/fpu/crtbegin.o

.preinit_array  0x08006d1c        0x0
                0x08006d1c                PROVIDE (__preinit_array_start, .)
 *(.preinit_array*)
                0x08006d1c                PROVIDE (__preinit_array_end, .)

.init_array     0x08006d1c        0x4
                0x08006d1c                PROVIDE (__init_array_start, .)
 *(SORT(.init_array.*))
 *(.init_array*)
 .init_array    0x08006d1c        0x4 c:/program files (x86)/atollic/truestudio for stm32 9.0.1/armtools/bin/../lib/gcc/arm-atollic-eabi/6.3.1/armv7e-m/fpu/crtbegin.o
                0x08006d20                PROVIDE (__init_array_end, .)

.fini_array     0x08006d20        0x4
                [!provide]                PROVIDE (__fini_array_start, .)
 *(SORT(.fini_array.*))
 *(.fini_array*)
 .fini_array    0x08006d20        0x4 c:/program files (x86)/atollic/truestudio for stm32 9.0.1/armtools/bin/../lib/gcc/arm-atollic-eabi/6.3.1/armv7e-m/fpu/crtbegin.o
                [!provide]                PROVIDE (__fini_array_end, .)
                0x08006d24                _sidata = LOADADDR (.data)

.data           0x20000000        0xc load address 0x08006d24
                0x20000000                . = ALIGN (0x4)
                0x20000000                _sdata = .
 *(.data)
 *(.data*)
 .data.uwTickPrio
                0x20000000        0x4 Drivers\STM32F4xx_HAL_Driver\Src\stm32f4xx_hal.o
                0x20000000                uwTickPrio
 .data.uwTickFreq
                0x20000004        0x1 Drivers\STM32F4xx_HAL_Driver\Src\stm32f4xx_hal.o
                0x20000004                uwTickFreq
 .data.Stat     0x20000005        0x1 Src\sd_diskio.o
 *fill*         0x20000006        0x2 
 .data.SystemCoreClock
                0x20000008        0x4 Src\system_stm32f4xx.o
                0x20000008                SystemCoreClock
                0x2000000c                . = ALIGN (0x4)
                0x2000000c                _edata = .
                0x08006d30                _siccmram = LOADADDR (.ccmram)

.igot.plt       0x2000000c        0x0 load address 0x08006d30
 .igot.plt      0x2000000c        0x0 c:/program files (x86)/atollic/truestudio for stm32 9.0.1/armtools/bin/../lib/gcc/arm-atollic-eabi/6.3.1/armv7e-m/fpu/crtbegin.o

.ccmram         0x10000000        0x0 load address 0x08006d30
                0x10000000                . = ALIGN (0x4)
                0x10000000                _sccmram = .
 *(.ccmram)
 *(.ccmram*)
                0x10000000                . = ALIGN (0x4)
                0x10000000                _eccmram = .
                0x10000000                . = ALIGN (0x4)

.bss            0x2000000c     0x4274
                0x2000000c                _sbss = .
                0x2000000c                __bss_start__ = _sbss
 *(.bss)
 .bss           0x2000000c       0x1c c:/program files (x86)/atollic/truestudio for stm32 9.0.1/armtools/bin/../lib/gcc/arm-atollic-eabi/6.3.1/armv7e-m/fpu/crtbegin.o
 *(.bss*)
 .bss.FatFs     0x20000028        0x4 Middlewares\Third_Party\FatFs\src\ff.o
 .bss.Fsid      0x2000002c        0x2 Middlewares\Third_Party\FatFs\src\ff.o
 *fill*         0x2000002e        0x2 
 .bss.Files     0x20000030       0x20 Middlewares\Third_Party\FatFs\src\ff.o
 .bss.disk      0x20000050        0xc Middlewares\Third_Party\FatFs\src\ff_gen_drv.o
                0x20000050                disk
 .bss.WriteStatus
                0x2000005c        0x4 Src\sd_diskio.o
 .bss.ReadStatus
                0x20000060        0x4 Src\sd_diskio.o
 *(COMMON)
 COMMON         0x20000064        0x4 Drivers\STM32F4xx_HAL_Driver\Src\stm32f4xx_hal.o
                0x20000064                uwTick
 COMMON         0x20000068     0x206c Src\fatfs.o
                0x20000068                retSD
                0x2000006c                SDPath
                0x20000070                SDFile
                0x200010a0                SDFatFS
 COMMON         0x200020d4     0x2068 Src\main.o
                0x200020d4                myFile
                0x20003104                myBytes
                0x20003108                myFatFS
 COMMON         0x2000413c      0x144 Src\sdio.o
                0x2000413c                hdma_sdio_rx
                0x2000419c                hdma_sdio_tx
                0x200041fc                hsd
                0x20004280                . = ALIGN (0x4)
                0x20004280                _ebss = .
                0x20004280                __bss_end__ = _ebss

._user_heap_stack
                0x20004280     0x6000
                0x20004280                . = ALIGN (0x4)
                [!provide]                PROVIDE (end, .)
                [!provide]                PROVIDE (_end, .)
                0x20006280                . = (. + _Min_Heap_Size)
 *fill*         0x20004280     0x2000 
                0x2000a280                . = (. + _Min_Stack_Size)
 *fill*         0x20006280     0x4000 
                0x2000a280                . = ALIGN (0x4)

/DISCARD/
 libc.a(*)
 libm.a(*)
 libgcc.a(*)

.ARM.attributes
                0x00000000       0x30
 *(.ARM.attributes)
 .ARM.attributes
                0x00000000       0x22 c:/program files (x86)/atollic/truestudio for stm32 9.0.1/armtools/bin/../lib/gcc/arm-atollic-eabi/6.3.1/armv7e-m/fpu/crti.o
 .ARM.attributes
                0x00000022       0x34 c:/program files (x86)/atollic/truestudio for stm32 9.0.1/armtools/bin/../lib/gcc/arm-atollic-eabi/6.3.1/armv7e-m/fpu/crtbegin.o
 .ARM.attributes
                0x00000056       0x39 Drivers\STM32F4xx_HAL_Driver\Src\stm32f4xx_hal.o
 .ARM.attributes
                0x0000008f       0x39 Drivers\STM32F4xx_HAL_Driver\Src\stm32f4xx_hal_cortex.o
 .ARM.attributes
                0x000000c8       0x39 Drivers\STM32F4xx_HAL_Driver\Src\stm32f4xx_hal_dma.o
 .ARM.attributes
                0x00000101       0x39 Drivers\STM32F4xx_HAL_Driver\Src\stm32f4xx_hal_gpio.o
 .ARM.attributes
                0x0000013a       0x39 Drivers\STM32F4xx_HAL_Driver\Src\stm32f4xx_hal_rcc.o
 .ARM.attributes
                0x00000173       0x39 Drivers\STM32F4xx_HAL_Driver\Src\stm32f4xx_hal_sd.o
 .ARM.attributes
                0x000001ac       0x39 Drivers\STM32F4xx_HAL_Driver\Src\stm32f4xx_ll_sdmmc.o
 .ARM.attributes
                0x000001e5       0x39 Middlewares\Third_Party\FatFs\src\diskio.o
 .ARM.attributes
                0x0000021e       0x39 Middlewares\Third_Party\FatFs\src\ff.o
 .ARM.attributes
                0x00000257       0x39 Middlewares\Third_Party\FatFs\src\ff_gen_drv.o
 .ARM.attributes
                0x00000290       0x39 Src\bsp_driver_sd.o
 .ARM.attributes
                0x000002c9       0x39 Src\dma.o
 .ARM.attributes
                0x00000302       0x39 Src\fatfs.o
 .ARM.attributes
                0x0000033b       0x39 Src\gpio.o
 .ARM.attributes
                0x00000374       0x39 Src\main.o
 .ARM.attributes
                0x000003ad       0x39 Src\sd_diskio.o
 .ARM.attributes
                0x000003e6       0x39 Src\sdio.o
 .ARM.attributes
                0x0000041f       0x39 Src\stm32f4xx_hal_msp.o
 .ARM.attributes
                0x00000458       0x39 Src\stm32f4xx_it.o
 .ARM.attributes
                0x00000491       0x39 Src\system_stm32f4xx.o
 .ARM.attributes
                0x000004ca       0x21 startup\startup_stm32f407xx.o
 .ARM.attributes
                0x000004eb       0x34 c:/program files (x86)/atollic/truestudio for stm32 9.0.1/armtools/bin/../lib/gcc/arm-atollic-eabi/6.3.1/../../../../arm-atollic-eabi/lib/armv7e-m/fpu\libc_nano.a(lib_a-init.o)
 .ARM.attributes
                0x0000051f       0x22 c:/program files (x86)/atollic/truestudio for stm32 9.0.1/armtools/bin/../lib/gcc/arm-atollic-eabi/6.3.1/armv7e-m/fpu\libgcc.a(_aeabi_uldivmod.o)
 .ARM.attributes
                0x00000541       0x34 c:/program files (x86)/atollic/truestudio for stm32 9.0.1/armtools/bin/../lib/gcc/arm-atollic-eabi/6.3.1/armv7e-m/fpu\libgcc.a(_udivmoddi4.o)
 .ARM.attributes
                0x00000575       0x22 c:/program files (x86)/atollic/truestudio for stm32 9.0.1/armtools/bin/../lib/gcc/arm-atollic-eabi/6.3.1/armv7e-m/fpu\libgcc.a(_dvmd_tls.o)
 .ARM.attributes
                0x00000597       0x22 c:/program files (x86)/atollic/truestudio for stm32 9.0.1/armtools/bin/../lib/gcc/arm-atollic-eabi/6.3.1/armv7e-m/fpu/crtn.o
OUTPUT(SDIO_4bit.elf elf32-littlearm)

.debug_info     0x00000000    0x17289
 .debug_info    0x00000000     0x111e Drivers\STM32F4xx_HAL_Driver\Src\stm32f4xx_hal.o
 .debug_info    0x0000111e     0x15e2 Drivers\STM32F4xx_HAL_Driver\Src\stm32f4xx_hal_cortex.o
 .debug_info    0x00002700     0x1123 Drivers\STM32F4xx_HAL_Driver\Src\stm32f4xx_hal_dma.o
 .debug_info    0x00003823      0xf76 Drivers\STM32F4xx_HAL_Driver\Src\stm32f4xx_hal_gpio.o
 .debug_info    0x00004799     0x10b6 Drivers\STM32F4xx_HAL_Driver\Src\stm32f4xx_hal_rcc.o
 .debug_info    0x0000584f     0x1f9b Drivers\STM32F4xx_HAL_Driver\Src\stm32f4xx_hal_sd.o
 .debug_info    0x000077ea     0x187e Drivers\STM32F4xx_HAL_Driver\Src\stm32f4xx_ll_sdmmc.o
 .debug_info    0x00009068      0xc87 Middlewares\Third_Party\FatFs\src\diskio.o
 .debug_info    0x00009cef     0x2a0d Middlewares\Third_Party\FatFs\src\ff.o
 .debug_info    0x0000c6fc      0xc1f Middlewares\Third_Party\FatFs\src\ff_gen_drv.o
 .debug_info    0x0000d31b     0x128c Src\bsp_driver_sd.o
 .debug_info    0x0000e5a7      0xd2c Src\dma.o
 .debug_info    0x0000f2d3      0xd3d Src\fatfs.o
 .debug_info    0x00010010      0xc8a Src\gpio.o
 .debug_info    0x00010c9a     0x1a31 Src\main.o
 .debug_info    0x000126cb      0xd2c Src\sd_diskio.o
 .debug_info    0x000133f7     0x146b Src\sdio.o
 .debug_info    0x00014862      0xd48 Src\stm32f4xx_hal_msp.o
 .debug_info    0x000155aa      0xf4a Src\stm32f4xx_it.o
 .debug_info    0x000164f4      0xd17 Src\system_stm32f4xx.o
 .debug_info    0x0001720b       0x7e startup\startup_stm32f407xx.o

.debug_abbrev   0x00000000     0x2dd4
 .debug_abbrev  0x00000000      0x280 Drivers\STM32F4xx_HAL_Driver\Src\stm32f4xx_hal.o
 .debug_abbrev  0x00000280      0x371 Drivers\STM32F4xx_HAL_Driver\Src\stm32f4xx_hal_cortex.o
 .debug_abbrev  0x000005f1      0x286 Drivers\STM32F4xx_HAL_Driver\Src\stm32f4xx_hal_dma.o
 .debug_abbrev  0x00000877      0x24c Drivers\STM32F4xx_HAL_Driver\Src\stm32f4xx_hal_gpio.o
 .debug_abbrev  0x00000ac3      0x2c8 Drivers\STM32F4xx_HAL_Driver\Src\stm32f4xx_hal_rcc.o
 .debug_abbrev  0x00000d8b      0x29a Drivers\STM32F4xx_HAL_Driver\Src\stm32f4xx_hal_sd.o
 .debug_abbrev  0x00001025      0x25f Drivers\STM32F4xx_HAL_Driver\Src\stm32f4xx_ll_sdmmc.o
 .debug_abbrev  0x00001284      0x204 Middlewares\Third_Party\FatFs\src\diskio.o
 .debug_abbrev  0x00001488      0x2a0 Middlewares\Third_Party\FatFs\src\ff.o
 .debug_abbrev  0x00001728      0x231 Middlewares\Third_Party\FatFs\src\ff_gen_drv.o
 .debug_abbrev  0x00001959      0x2e1 Src\bsp_driver_sd.o
 .debug_abbrev  0x00001c3a      0x1be Src\dma.o
 .debug_abbrev  0x00001df8      0x1da Src\fatfs.o
 .debug_abbrev  0x00001fd2      0x1c0 Src\gpio.o
 .debug_abbrev  0x00002192      0x25c Src\main.o
 .debug_abbrev  0x000023ee      0x265 Src\sd_diskio.o
 .debug_abbrev  0x00002653      0x216 Src\sdio.o
 .debug_abbrev  0x00002869      0x1c9 Src\stm32f4xx_hal_msp.o
 .debug_abbrev  0x00002a32      0x1c6 Src\stm32f4xx_it.o
 .debug_abbrev  0x00002bf8      0x1ca Src\system_stm32f4xx.o
 .debug_abbrev  0x00002dc2       0x12 startup\startup_stm32f407xx.o

.debug_aranges  0x00000000      0xb70
 .debug_aranges
                0x00000000       0xe0 Drivers\STM32F4xx_HAL_Driver\Src\stm32f4xx_hal.o
 .debug_aranges
                0x000000e0      0x118 Drivers\STM32F4xx_HAL_Driver\Src\stm32f4xx_hal_cortex.o
 .debug_aranges
                0x000001f8       0x90 Drivers\STM32F4xx_HAL_Driver\Src\stm32f4xx_hal_dma.o
 .debug_aranges
                0x00000288       0x58 Drivers\STM32F4xx_HAL_Driver\Src\stm32f4xx_hal_gpio.o
 .debug_aranges
                0x000002e0       0x88 Drivers\STM32F4xx_HAL_Driver\Src\stm32f4xx_hal_rcc.o
 .debug_aranges
                0x00000368      0x168 Drivers\STM32F4xx_HAL_Driver\Src\stm32f4xx_hal_sd.o
 .debug_aranges
                0x000004d0      0x178 Drivers\STM32F4xx_HAL_Driver\Src\stm32f4xx_ll_sdmmc.o
 .debug_aranges
                0x00000648       0x48 Middlewares\Third_Party\FatFs\src\diskio.o
 .debug_aranges
                0x00000690      0x208 Middlewares\Third_Party\FatFs\src\ff.o
 .debug_aranges
                0x00000898       0x40 Middlewares\Third_Party\FatFs\src\ff_gen_drv.o
 .debug_aranges
                0x000008d8       0xc0 Src\bsp_driver_sd.o
 .debug_aranges
                0x00000998       0x20 Src\dma.o
 .debug_aranges
                0x000009b8       0x28 Src\fatfs.o
 .debug_aranges
                0x000009e0       0x20 Src\gpio.o
 .debug_aranges
                0x00000a00       0x30 Src\main.o
 .debug_aranges
                0x00000a30       0x58 Src\sd_diskio.o
 .debug_aranges
                0x00000a88       0x30 Src\sdio.o
 .debug_aranges
                0x00000ab8       0x20 Src\stm32f4xx_hal_msp.o
 .debug_aranges
                0x00000ad8       0x48 Src\stm32f4xx_it.o
 .debug_aranges
                0x00000b20       0x28 Src\system_stm32f4xx.o
 .debug_aranges
                0x00000b48       0x28 startup\startup_stm32f407xx.o

.debug_ranges   0x00000000      0xa28
 .debug_ranges  0x00000000       0xd0 Drivers\STM32F4xx_HAL_Driver\Src\stm32f4xx_hal.o
 .debug_ranges  0x000000d0      0x108 Drivers\STM32F4xx_HAL_Driver\Src\stm32f4xx_hal_cortex.o
 .debug_ranges  0x000001d8       0x80 Drivers\STM32F4xx_HAL_Driver\Src\stm32f4xx_hal_dma.o
 .debug_ranges  0x00000258       0x48 Drivers\STM32F4xx_HAL_Driver\Src\stm32f4xx_hal_gpio.o
 .debug_ranges  0x000002a0       0x78 Drivers\STM32F4xx_HAL_Driver\Src\stm32f4xx_hal_rcc.o
 .debug_ranges  0x00000318      0x158 Drivers\STM32F4xx_HAL_Driver\Src\stm32f4xx_hal_sd.o
 .debug_ranges  0x00000470      0x168 Drivers\STM32F4xx_HAL_Driver\Src\stm32f4xx_ll_sdmmc.o
 .debug_ranges  0x000005d8       0x38 Middlewares\Third_Party\FatFs\src\diskio.o
 .debug_ranges  0x00000610      0x1f8 Middlewares\Third_Party\FatFs\src\ff.o
 .debug_ranges  0x00000808       0x30 Middlewares\Third_Party\FatFs\src\ff_gen_drv.o
 .debug_ranges  0x00000838       0xb0 Src\bsp_driver_sd.o
 .debug_ranges  0x000008e8       0x10 Src\dma.o
 .debug_ranges  0x000008f8       0x18 Src\fatfs.o
 .debug_ranges  0x00000910       0x10 Src\gpio.o
 .debug_ranges  0x00000920       0x20 Src\main.o
 .debug_ranges  0x00000940       0x48 Src\sd_diskio.o
 .debug_ranges  0x00000988       0x20 Src\sdio.o
 .debug_ranges  0x000009a8       0x10 Src\stm32f4xx_hal_msp.o
 .debug_ranges  0x000009b8       0x38 Src\stm32f4xx_it.o
 .debug_ranges  0x000009f0       0x18 Src\system_stm32f4xx.o
 .debug_ranges  0x00000a08       0x20 startup\startup_stm32f407xx.o

.debug_line     0x00000000     0x6901
 .debug_line    0x00000000      0x491 Drivers\STM32F4xx_HAL_Driver\Src\stm32f4xx_hal.o
 .debug_line    0x00000491      0x5c9 Drivers\STM32F4xx_HAL_Driver\Src\stm32f4xx_hal_cortex.o
 .debug_line    0x00000a5a      0x583 Drivers\STM32F4xx_HAL_Driver\Src\stm32f4xx_hal_dma.o
 .debug_line    0x00000fdd      0x497 Drivers\STM32F4xx_HAL_Driver\Src\stm32f4xx_hal_gpio.o
 .debug_line    0x00001474      0x530 Drivers\STM32F4xx_HAL_Driver\Src\stm32f4xx_hal_rcc.o
 .debug_line    0x000019a4      0xafb Drivers\STM32F4xx_HAL_Driver\Src\stm32f4xx_hal_sd.o
 .debug_line    0x0000249f      0x72f Drivers\STM32F4xx_HAL_Driver\Src\stm32f4xx_ll_sdmmc.o
 .debug_line    0x00002bce      0x339 Middlewares\Third_Party\FatFs\src\diskio.o
 .debug_line    0x00002f07     0x16dd Middlewares\Third_Party\FatFs\src\ff.o
 .debug_line    0x000045e4      0x338 Middlewares\Third_Party\FatFs\src\ff_gen_drv.o
 .debug_line    0x0000491c      0x43a Src\bsp_driver_sd.o
 .debug_line    0x00004d56      0x23a Src\dma.o
 .debug_line    0x00004f90      0x317 Src\fatfs.o
 .debug_line    0x000052a7      0x27c Src\gpio.o
 .debug_line    0x00005523      0x439 Src\main.o
 .debug_line    0x0000595c      0x410 Src\sd_diskio.o
 .debug_line    0x00005d6c      0x343 Src\sdio.o
 .debug_line    0x000060af      0x24c Src\stm32f4xx_hal_msp.o
 .debug_line    0x000062fb      0x317 Src\stm32f4xx_it.o
 .debug_line    0x00006612      0x270 Src\system_stm32f4xx.o
 .debug_line    0x00006882       0x7f startup\startup_stm32f407xx.o

.debug_str      0x00000000     0x3686
 .debug_str     0x00000000      0xeac Drivers\STM32F4xx_HAL_Driver\Src\stm32f4xx_hal.o
                                0xf77 (size before relaxing)
 .debug_str     0x00000eac      0x40f Drivers\STM32F4xx_HAL_Driver\Src\stm32f4xx_hal_cortex.o
                               0x1093 (size before relaxing)
 .debug_str     0x000012bb      0x534 Drivers\STM32F4xx_HAL_Driver\Src\stm32f4xx_hal_dma.o
                                0xbe3 (size before relaxing)
 .debug_str     0x000017ef      0x1de Drivers\STM32F4xx_HAL_Driver\Src\stm32f4xx_hal_gpio.o
                                0x969 (size before relaxing)
 .debug_str     0x000019cd      0x2e9 Drivers\STM32F4xx_HAL_Driver\Src\stm32f4xx_hal_rcc.o
                                0xb15 (size before relaxing)
 .debug_str     0x00001cb6      0xa07 Drivers\STM32F4xx_HAL_Driver\Src\stm32f4xx_hal_sd.o
                               0x135f (size before relaxing)
 .debug_str     0x000026bd      0x435 Drivers\STM32F4xx_HAL_Driver\Src\stm32f4xx_ll_sdmmc.o
                                0xc50 (size before relaxing)
 .debug_str     0x00002af2      0x113 Middlewares\Third_Party\FatFs\src\diskio.o
                                0x74a (size before relaxing)
 .debug_str     0x00002c05      0x5c3 Middlewares\Third_Party\FatFs\src\ff.o
                                0xc90 (size before relaxing)
 .debug_str     0x000031c8       0xa2 Middlewares\Third_Party\FatFs\src\ff_gen_drv.o
                                0x79b (size before relaxing)
 .debug_str     0x0000326a      0x1b5 Src\bsp_driver_sd.o
                                0xdc0 (size before relaxing)
 .debug_str     0x0000341f       0x19 Src\dma.o
                                0xc31 (size before relaxing)
 .debug_str     0x00003438       0x43 Src\fatfs.o
                                0x804 (size before relaxing)
 .debug_str     0x0000347b       0x1b Src\gpio.o
                                0x7e2 (size before relaxing)
 .debug_str     0x00003496       0x5e Src\main.o
                               0x157b (size before relaxing)
 .debug_str     0x000034f4       0x70 Src\sd_diskio.o
                                0x80c (size before relaxing)
 .debug_str     0x00003564       0x41 Src\sdio.o
                               0x11a3 (size before relaxing)
 .debug_str     0x000035a5       0x1b Src\stm32f4xx_hal_msp.o
                                0xc3f (size before relaxing)
 .debug_str     0x000035c0       0x81 Src\stm32f4xx_it.o
                                0xb5e (size before relaxing)
 .debug_str     0x00003641       0x45 Src\system_stm32f4xx.o
                                0x7cd (size before relaxing)

.comment        0x00000000       0x7c
 .comment       0x00000000       0x7c Drivers\STM32F4xx_HAL_Driver\Src\stm32f4xx_hal.o
                                 0x7d (size before relaxing)
 .comment       0x0000007c       0x7d Drivers\STM32F4xx_HAL_Driver\Src\stm32f4xx_hal_cortex.o
 .comment       0x0000007c       0x7d Drivers\STM32F4xx_HAL_Driver\Src\stm32f4xx_hal_dma.o
 .comment       0x0000007c       0x7d Drivers\STM32F4xx_HAL_Driver\Src\stm32f4xx_hal_gpio.o
 .comment       0x0000007c       0x7d Drivers\STM32F4xx_HAL_Driver\Src\stm32f4xx_hal_rcc.o
 .comment       0x0000007c       0x7d Drivers\STM32F4xx_HAL_Driver\Src\stm32f4xx_hal_sd.o
 .comment       0x0000007c       0x7d Drivers\STM32F4xx_HAL_Driver\Src\stm32f4xx_ll_sdmmc.o
 .comment       0x0000007c       0x7d Middlewares\Third_Party\FatFs\src\diskio.o
 .comment       0x0000007c       0x7d Middlewares\Third_Party\FatFs\src\ff.o
 .comment       0x0000007c       0x7d Middlewares\Third_Party\FatFs\src\ff_gen_drv.o
 .comment       0x0000007c       0x7d Src\bsp_driver_sd.o
 .comment       0x0000007c       0x7d Src\dma.o
 .comment       0x0000007c       0x7d Src\fatfs.o
 .comment       0x0000007c       0x7d Src\gpio.o
 .comment       0x0000007c       0x7d Src\main.o
 .comment       0x0000007c       0x7d Src\sd_diskio.o
 .comment       0x0000007c       0x7d Src\sdio.o
 .comment       0x0000007c       0x7d Src\stm32f4xx_hal_msp.o
 .comment       0x0000007c       0x7d Src\stm32f4xx_it.o
 .comment       0x0000007c       0x7d Src\system_stm32f4xx.o

.debug_frame    0x00000000     0x2cc4
 .debug_frame   0x00000000      0x33c Drivers\STM32F4xx_HAL_Driver\Src\stm32f4xx_hal.o
 .debug_frame   0x0000033c      0x498 Drivers\STM32F4xx_HAL_Driver\Src\stm32f4xx_hal_cortex.o
 .debug_frame   0x000007d4      0x250 Drivers\STM32F4xx_HAL_Driver\Src\stm32f4xx_hal_dma.o
 .debug_frame   0x00000a24      0x14c Drivers\STM32F4xx_HAL_Driver\Src\stm32f4xx_hal_gpio.o
 .debug_frame   0x00000b70      0x1f8 Drivers\STM32F4xx_HAL_Driver\Src\stm32f4xx_hal_rcc.o
 .debug_frame   0x00000d68      0x65c Drivers\STM32F4xx_HAL_Driver\Src\stm32f4xx_hal_sd.o
 .debug_frame   0x000013c4      0x690 Drivers\STM32F4xx_HAL_Driver\Src\stm32f4xx_ll_sdmmc.o
 .debug_frame   0x00001a54       0xec Middlewares\Third_Party\FatFs\src\diskio.o
 .debug_frame   0x00001b40      0x94c Middlewares\Third_Party\FatFs\src\ff.o
 .debug_frame   0x0000248c       0xc8 Middlewares\Third_Party\FatFs\src\ff_gen_drv.o
 .debug_frame   0x00002554      0x2d0 Src\bsp_driver_sd.o
 .debug_frame   0x00002824       0x34 Src\dma.o
 .debug_frame   0x00002858       0x4c Src\fatfs.o
 .debug_frame   0x000028a4       0x34 Src\gpio.o
 .debug_frame   0x000028d8       0x74 Src\main.o
 .debug_frame   0x0000294c      0x128 Src\sd_diskio.o
 .debug_frame   0x00002a74       0x78 Src\sdio.o
 .debug_frame   0x00002aec       0x34 Src\stm32f4xx_hal_msp.o
 .debug_frame   0x00002b20       0xc0 Src\stm32f4xx_it.o
 .debug_frame   0x00002be0       0x58 Src\system_stm32f4xx.o
 .debug_frame   0x00002c38       0x2c c:/program files (x86)/atollic/truestudio for stm32 9.0.1/armtools/bin/../lib/gcc/arm-atollic-eabi/6.3.1/../../../../arm-atollic-eabi/lib/armv7e-m/fpu\libc_nano.a(lib_a-init.o)
 .debug_frame   0x00002c64       0x2c c:/program files (x86)/atollic/truestudio for stm32 9.0.1/armtools/bin/../lib/gcc/arm-atollic-eabi/6.3.1/armv7e-m/fpu\libgcc.a(_aeabi_uldivmod.o)
 .debug_frame   0x00002c90       0x34 c:/program files (x86)/atollic/truestudio for stm32 9.0.1/armtools/bin/../lib/gcc/arm-atollic-eabi/6.3.1/armv7e-m/fpu\libgcc.a(_udivmoddi4.o)
