bsp_driver_sd.c:72:9:BSP_SD_Init	16	static
bsp_driver_sd.c:102:9:BSP_SD_ITConfig	4	static
bsp_driver_sd.c:111:6:BSP_SD_DetectIT	4	static
bsp_driver_sd.c:118:13:BSP_SD_DetectCallback	4	static
bsp_driver_sd.c:136:9:BSP_SD_ReadBlocks	40	static
bsp_driver_sd.c:159:9:BSP_SD_WriteBlocks	40	static
bsp_driver_sd.c:181:9:BSP_SD_ReadBlocks_DMA	32	static
bsp_driver_sd.c:204:9:BSP_SD_WriteBlocks_DMA	32	static
bsp_driver_sd.c:226:9:BSP_SD_Erase	24	static
bsp_driver_sd.c:244:6:BSP_SD_IRQHandler	8	static
bsp_driver_sd.c:252:6:BSP_SD_DMA_Tx_IRQHandler	8	static
bsp_driver_sd.c:260:6:BSP_SD_DMA_Rx_IRQHandler	8	static
bsp_driver_sd.c:273:9:BSP_SD_GetCardState	8	static
bsp_driver_sd.c:283:6:BSP_SD_GetCardInfo	16	static
bsp_driver_sd.c:297:6:HAL_SD_AbortCallback	16	static
bsp_driver_sd.c:307:6:HAL_SD_TxCpltCallback	16	static
bsp_driver_sd.c:317:6:HAL_SD_RxCpltCallback	16	static
bsp_driver_sd.c:327:13:BSP_SD_AbortCallback	4	static
bsp_driver_sd.c:336:13:BSP_SD_WriteCpltCallback	4	static
bsp_driver_sd.c:345:13:BSP_SD_ReadCpltCallback	4	static
bsp_driver_sd.c:357:9:BSP_SD_IsDetected	16	static
